// Jest Snapshot v1, https://goo.gl/fbAQLP

exports[`Item should render 1`] = `
<RCTScrollView
  contentInsetAdjustmentBehavior="automatic"
>
  <View>
    <Image
      source={
        Object {
          "uri": "banner.png",
        }
      }
      style={
        Object {
          "height": 100,
          "width": "100%",
        }
      }
    />
    <View
      style={
        Object {
          "paddingBottom": 10,
          "paddingLeft": 10,
          "paddingRight": 10,
          "paddingTop": 10,
        }
      }
    >
      <Text
        style={
          Object {
            "fontSize": 24,
            "fontWeight": "bold",
            "lineHeight": 32,
            "marginBottom": 5,
          }
        }
      >
        Freddie Mercuty
      </Text>
      <Text
        ellipsizeMode="head"
        numberOfLines={30}
        style={
          Object {
            "fontSize": 16,
            "lineHeight": 24,
            "textAlign": "justify",
          }
        }
      >
        this is a bio
      </Text>
    </View>
    <View
      style={
        Object {
          "paddingBottom": 10,
          "paddingLeft": 10,
          "paddingRight": 10,
          "paddingTop": 10,
        }
      }
    >
      <Text
        style={
          Object {
            "fontSize": 24,
            "fontWeight": "bold",
            "lineHeight": 32,
            "marginBottom": 5,
          }
        }
      >
        Albums:
      </Text>
      <RCTScrollView
        data={Array []}
        disableVirtualization={false}
        getItem={[Function]}
        getItemCount={[Function]}
        horizontal={true}
        initialNumToRender={10}
        keyExtractor={[Function]}
        maxToRenderPerBatch={10}
        onContentSizeChange={[Function]}
        onEndReachedThreshold={2}
        onLayout={[Function]}
        onMomentumScrollEnd={[Function]}
        onScroll={[Function]}
        onScrollBeginDrag={[Function]}
        onScrollEndDrag={[Function]}
        removeClippedSubviews={false}
        renderItem={[Function]}
        scrollEventThrottle={50}
        stickyHeaderIndices={Array []}
        style={
          Object {
            "marginRight": -10,
          }
        }
        updateCellsBatchingPeriod={50}
        viewabilityConfigCallbackPairs={Array []}
        windowSize={21}
      >
        <View />
      </RCTScrollView>
    </View>
  </View>
</RCTScrollView>
`;
